// Jest Snapshot v1, https://goo.gl/fbAQLP

exports[`<Player/> renders the <Player/> with bunny video 1`] = `
<div
  class="player__Container-sc-1c49yiu-0"
>
  <button
    class="player__Button-sc-1c49yiu-4 cdQVGX"
  >
    Play
  </button>
</div>
`;
